// Jest Snapshot v1, https://goo.gl/fbAQLP

exports[`userRepositoryItem render <UserRepositoryItem> correctly 1`] = `ReactWrapper {}`;
